---
source: markdown/src/renderer.rs
expression: result
---
"\u{1b}]8;;<https://insta.rs>\u{1b}\\\u{1b}[4;38;2;0;135;135m<https://insta.rs>\u{1b}[0m\u{1b}]8;;\u{1b}\\"
