---
source: markdown/src/renderer.rs
expression: result
---
(
    "indent",
    "â”‚ This is a test",
)
