---
source: markdown/src/renderer.rs
expression: result
---
"â”‚ This is an indent"
