---
source: markdown/src/renderer.rs
expression: result
---
(
    "bullet",
    "â€¢ This is a test",
)
